main.c:90:5:main	8	static
main.c:140:6:SystemClock_Config	88	static
main.c:184:13:MX_TIM4_Init	48	static
main.c:237:13:MX_GPIO_Init	64	static
main.c:326:6:LED_OnOff	16	static
main.c:334:6:Right	8	static
main.c:343:6:Left	8	static
main.c:352:6:Foward	8	static
main.c:361:6:Back	8	static
main.c:370:6:Stop	8	static
main.c:379:6:Photo_2	8	static
main.c:396:6:Photo_3	8	static
main.c:413:6:Photo_4	8	static
main.c:430:6:Bbop	8	static
main.c:452:6:Motion_1	8	static
main.c:460:6:Motion_2	8	static
main.c:468:6:Motion_3	8	static
main.c:476:6:sw_Left	8	static
main.c:492:6:sw_Right	8	static
main.c:508:6:sw_Foward	8	static
main.c:524:6:sw_Back	8	static
main.c:539:6:User_notification	16	static
main.c:556:6:Error_Handler	4	static
